// Jest Snapshot v1, https://goo.gl/fbAQLP

exports[`renders correctly 1`] = `
<View
  onLayout={[Function]}
  style={
    Object {
      "flex": 1,
    }
  }
>
  <View
    enabled={false}
    hitSlop={
      Object {
        "right": 50,
      }
    }
    maxDeltaY={20}
    minOffsetX={5}
    onGestureEvent={[Function]}
    onHandlerStateChange={[Function]}
  >
    <View
      style={
        Object {
          "backgroundColor": "#eee",
          "flex": 1,
          "flexDirection": "column-reverse",
          "overflow": "hidden",
        }
      }
    >
      <RNSScreenContainer
        style={
          Object {
            "flex": 1,
          }
        }
      >
        <RNSScreen
          active={1}
          onComponentRef={[Function]}
          pointerEvents="auto"
          style={
            Object {
              "bottom": 0,
              "left": 0,
              "opacity": 1,
              "paddingTop": 64,
              "position": "absolute",
              "right": 0,
              "top": 0,
              "transform": Array [
                Object {
                  "translateX": 0,
                },
                Object {
                  "translateY": 0,
                },
              ],
            }
          }
        >
          <View
            accessibilityElementsHidden={false}
            style={
              Object {
                "backgroundColor": "#fff",
                "flex": 1,
              }
            }
          >
            <View>
              <View
                style={
                  Array [
                    Object {
                      "backgroundColor": "papayawhip",
                    },
                  ]
                }
              >
                <Text
                  style={
                    Array [
                      Object {
                        "color": "palevioletred",
                      },
                    ]
                  }
                >
                  Hello you: Home 0
                </Text>
              </View>
              <View
                accessibilityRole="button"
                accessibilityStates={Array []}
                accessible={true}
                isTVSelectable={true}
                onResponderGrant={[Function]}
                onResponderMove={[Function]}
                onResponderRelease={[Function]}
                onResponderTerminate={[Function]}
                onResponderTerminationRequest={[Function]}
                onStartShouldSetResponder={[Function]}
                style={
                  Object {
                    "opacity": 1,
                  }
                }
              >
                <View
                  style={
                    Array [
                      Object {},
                    ]
                  }
                >
                  <Text
                    style={
                      Array [
                        Object {
                          "color": "#007AFF",
                          "fontSize": 18,
                          "padding": 8,
                          "textAlign": "center",
                        },
                      ]
                    }
                  >
                    Hello
                  </Text>
                </View>
              </View>
            </View>
          </View>
        </RNSScreen>
      </RNSScreenContainer>
      <View
        onLayout={[Function]}
        pointerEvents="box-none"
        style={
          Object {
            "left": 0,
            "position": "absolute",
            "right": 0,
            "top": 0,
          }
        }
      >
        <View
          style={
            Object {
              "backgroundColor": "#f4511e",
              "transform": Array [
                Object {
                  "translateX": 0,
                },
              ],
            }
          }
        >
          <View
            onLayout={[Function]}
            pointerEvents="box-none"
            style={
              Object {
                "backgroundColor": "#f4511e",
                "borderBottomColor": "#A7A7AA",
                "borderBottomWidth": 0.5,
                "height": 64,
                "paddingBottom": 0,
                "paddingLeft": 0,
                "paddingRight": 0,
                "paddingTop": 20,
              }
            }
          >
            <View
              style={
                Object {
                  "flex": 1,
                }
              }
            >
              <View
                style={
                  Object {
                    "bottom": 0,
                    "flexDirection": "row",
                    "left": 0,
                    "position": "absolute",
                    "right": 0,
                    "top": 0,
                  }
                }
              >
                <View
                  pointerEvents="box-none"
                  style={
                    Object {
                      "alignItems": "center",
                      "backgroundColor": "transparent",
                      "bottom": 0,
                      "flexDirection": "row",
                      "justifyContent": "center",
                      "left": 0,
                      "opacity": 1,
                      "position": "absolute",
                      "right": 0,
                      "top": 0,
                    }
                  }
                >
                  <Text
                    accessibilityTraits="header"
                    allowFontScaling={false}
                    numberOfLines={1}
                    onLayout={[Function]}
                    style={
                      Object {
                        "color": "#fff",
                        "fontSize": 17,
                        "fontWeight": "bold",
                        "marginHorizontal": 16,
                        "textAlign": "center",
                      }
                    }
                  >
                    Home
                  </Text>
                </View>
              </View>
            </View>
          </View>
        </View>
      </View>
    </View>
  </View>
</View>
`;
